openapi: 3.1.0
info:
    title: Laravel
    version: 0.0.1
servers:
    - { url: 'http://localhost/api' }
paths:
    /test: { post: { operationId: validationFacadeRulesFileTest.index, tags: [ValidationFacadeRulesFile_Test], requestBody: { content: { multipart/form-data: { schema: { type: object, properties: { file: { type: string, format: binary } } } } } }, responses: { 200: { description: '', content: { application/json: { schema: { type: string } } } } } } }
